Microchip MPLAB XC8 Compiler V1.33 ()

Linker command line:

--edf=/opt/microchip/xc8/v1.33/dat/en_msgs.txt -cs \
  -h+dist/default/production/cube_master.X.production.sym \
  --cmf=dist/default/production/cube_master.X.production.cmf -z -Q18F25K80 \
  -o/tmp/cgtitZyyn -Mdist/default/production/cube_master.X.production.map \
  -E1 -ver=XC8 -ASTACK=01A0h-09ffh -pstack=STACK -ACODE=00h-07FFFh \
  -ACONST=00h-07FFFh -ASMALLCONST=0F00h-0FFFhx113 \
  -AMEDIUMCONST=0F00h-07FFFh -ACOMRAM=01h-05Fh -AABS1=00h-0E40h \
  -ABIGRAM=01h-0E40h -ARAM=060h-0FFh,0100h-01FFhx13,0E00h-0E40h \
  -ABANK0=060h-0FFh -ABANK1=0100h-01FFh -ABANK2=0200h-02FFh \
  -ABANK3=0300h-03FFh -ABANK4=0400h-04FFh -ABANK5=0500h-05FFh \
  -ABANK6=0600h-06FFh -ABANK7=0700h-07FFh -ABANK8=0800h-08FFh \
  -ABANK9=0900h-09FFh -ABANK10=0A00h-0AFFh -ABANK11=0B00h-0BFFh \
  -ABANK12=0C00h-0CFFh -ABANK13=0D00h-0DFFh -ABANK14=0E00h-0E40h \
  -ASFR=0E41h-0EFFh,0F00h-0F5Fh,0F60h-0FFFh \
  -preset_vec=00h,intcode,intcodelo=018h,powerup,init,end_init \
  -pramtop=0F00h -psmallconst=SMALLCONST -pmediumconst=MEDIUMCONST \
  -pconst=CONST -AFARRAM=00h-00h -ACONFIG=0300000h-030000Dh -pconfig=CONFIG \
  -AIDLOC=0200000h-0200007h -pidloc=IDLOC -AEEDATA=0F00000h-0F003FFh \
  -peeprom_data=EEDATA \
  -prdata=COMRAM,nvrram=COMRAM,nvbit=COMRAM,rbss=COMRAM,rbit=COMRAM \
  -pfarbss=FARRAM,fardata=FARRAM,nvFARRAM=FARRAM \
  -pintsave_regs=BIGRAM,bigbss=BIGRAM,bigdata=BIGRAM -pbss=RAM \
  -pidata=CODE,irdata=CODE,ibigdata=CODE,ifardata=CODE /tmp/cgtHDHw2z.obj \
  dist/default/production/cube_master.X.production.obj 

Object code version is 3.11

Machine type is 18F25K80

Call graph: (short form)




                Name                               Link     Load   Length Selector   Space Scale
/tmp/cgtHDHw2z.obj
                end_init                            150      150        4        C       0
                reset_vec                             0        0        4        0       0
                idloc                            200000   200000        8   200000       0
                config                           300000   300000        E   300000       0
dist/default/production/cube_master.X.production.obj
                intcodelo                            18       18      138        C       0
                text5                               466      466        C        C       0
                text3                               3B8      3B8       40        C       0
                text2                               436      436       30        C       0
                text1                               300      300       68        C       0
                text0                               154      154      1AC        C       0
                cstackCOMRAM                          1        1       24        1       1
                cstackBANK0                          60       60       58       60       1
                dataBANK1                           150      150       50      100       1
                bssBANK1                            100      100       50      100       1
                bssCOMRAM                            25       25        4        1       1
                cinit                               3F8      3F8       3E        C       0
                idataBANK1                          368      368       50        C       0

TOTAL           Name                               Link     Load   Length     Space
        CLASS   STACK          

        CLASS   CODE           
                end_init                            150      150        4         0
                intcodelo                            18       18      138         0
                reset_vec                             0        0        4         0
                text5                               466      466        C         0
                text3                               3B8      3B8       40         0
                text2                               436      436       30         0
                text1                               300      300       68         0
                text0                               154      154      1AC         0
                cinit                               3F8      3F8       3E         0
                idataBANK1                          368      368       50         0

        CLASS   CONST          

        CLASS   SMALLCONST     

        CLASS   MEDIUMCONST    

        CLASS   COMRAM         
                cstackCOMRAM                          1        1       24         1
                bssCOMRAM                            25       25        4         1

        CLASS   ABS1           

        CLASS   BIGRAM         

        CLASS   RAM            

        CLASS   BANK0          
                cstackBANK0                          60       60       58         1

        CLASS   BANK1          
                dataBANK1                           150      150       50         1
                bssBANK1                            100      100       50         1

        CLASS   BANK2          

        CLASS   BANK3          

        CLASS   BANK4          

        CLASS   BANK5          

        CLASS   BANK6          

        CLASS   BANK7          

        CLASS   BANK8          

        CLASS   BANK9          

        CLASS   BANK10         

        CLASS   BANK11         

        CLASS   BANK12         

        CLASS   BANK13         

        CLASS   BANK14         

        CLASS   SFR            

        CLASS   FARRAM         

        CLASS   CONFIG         
                config                           300000   300000        E         0

        CLASS   IDLOC          
                idloc                            200000   200000        8         0

        CLASS   EEDATA         



SEGMENTS        Name                           Load    Length   Top    Selector   Space  Class

                reset_vec                      000000  000004  000004         0       0  CODE    
                cstackCOMRAM                   000001  000028  000029         1       1  COMRAM  
                intcodelo                      000018  00045A  000472         C       0  CODE    
                cstackBANK0                    000060  000058  0000B8        60       1  BANK0   
                bssBANK1                       000100  0000A0  0001A0       100       1  BANK1   
                idloc                          200000  000008  200008    200000       0  IDLOC   
                config                         300000  00000E  30000E    300000       0  CONFIG  


UNUSED ADDRESS RANGES

        Name                Unused          Largest block    Delta
        BANK0            0000B8-0000FF               48
        BANK1            0001A0-0001FF               60
        BANK10           000A00-000AFF              100
        BANK11           000B00-000BFF              100
        BANK12           000C00-000CFF              100
        BANK13           000D00-000DFF              100
        BANK14           000E00-000E40               41
        BANK2            000200-0002FF              100
        BANK3            000300-0003FF              100
        BANK4            000400-0004FF              100
        BANK5            000500-0005FF              100
        BANK6            000600-0006FF              100
        BANK7            000700-0007FF              100
        BANK8            000800-0008FF              100
        BANK9            000900-0009FF              100
        BIGRAM           000029-00005F               37
                         0000B8-0000FF               48
                         0001A0-000E40              CA1
        CODE             000004-000017               14
                         000472-007FFF             7B8E
        COMRAM           000029-00005F               37
        CONST            000004-000017               14
                         000472-007FFF             7B8E
        EEDATA           F00000-F003FF              400
        MEDIUMCONST      000F00-007FFF             7100
        RAM              0000B8-0000FF               48
                         0001A0-000E40              100
        SFR              000E41-000FFF               BF
        SMALLCONST       000F00-007FFF              100
        STACK            0001A0-0009FF              860

                                  Symbol Table

_ADON                     (abs)        007E10
_ANCON0                   (abs)        000F5D
_BAUDCON2bits             (abs)        000FB9
_GIE                      (abs)        007F97
_INTCON                   (abs)        000FF2
_OSCCON                   (abs)        000FD3
_OSCTUNEbits              (abs)        000F9B
_PEIE                     (abs)        007F96
_PIE3bits                 (abs)        000FA3
_PIR3bits                 (abs)        000FA4
_PORTA                    (abs)        000F80
_PORTAbits                (abs)        000F80
_PORTB                    (abs)        000F81
_PORTC                    (abs)        000F82
_PORTCbits                (abs)        000F82
_PSA                      (abs)        007EAB
_RC2IF                    (abs)        007D25
_RCONbits                 (abs)        000FD0
_RCREG2                   (abs)        000F7A
_RCSTA2bits               (abs)        000FA6
_SPBRG                    (abs)        000FAF
_SPBRG2                   (abs)        000F7B
_SPBRGH2                  (abs)        000F7C
_T08BIT                   (abs)        007EAE
_T0CS                     (abs)        007EAD
_T0PS0                    (abs)        007EA8
_T0PS1                    (abs)        007EA9
_T0PS2                    (abs)        007EAA
_TMR0IE                   (abs)        007F95
_TMR0IF                   (abs)        007F92
_TRISA                    (abs)        000F92
_TRISB                    (abs)        000F93
_TRISC                    (abs)        000F94
_TXREG2                   (abs)        000F79
_TXSTA2bits               (abs)        000FBA
__CFG_BBSIZ$BB2K          (abs)        000000
__CFG_BOREN$SBORDIS       (abs)        000000
__CFG_BORPWR$ZPBORMV      (abs)        000000
__CFG_BORV$3              (abs)        000000
__CFG_CANMX$PORTB         (abs)        000000
__CFG_CP0$ON              (abs)        000000
__CFG_CP1$ON              (abs)        000000
__CFG_CP2$ON              (abs)        000000
__CFG_CP3$ON              (abs)        000000
__CFG_CPB$ON              (abs)        000000
__CFG_CPD$ON              (abs)        000000
__CFG_EBTR0$ON            (abs)        000000
__CFG_EBTR1$ON            (abs)        000000
__CFG_EBTR2$ON            (abs)        000000
__CFG_EBTR3$ON            (abs)        000000
__CFG_EBTRB$ON            (abs)        000000
__CFG_FCMEN$OFF           (abs)        000000
__CFG_FOSC$INTIO1         (abs)        000000
__CFG_IESO$ON             (abs)        000000
__CFG_INTOSCSEL$HIGH      (abs)        000000
__CFG_MCLRE$OFF           (abs)        000000
__CFG_MSSPMSK$MSK7        (abs)        000000
__CFG_PLLCFG$ON           (abs)        000000
__CFG_PWRTEN$ON           (abs)        000000
__CFG_RETEN$ON            (abs)        000000
__CFG_SOSCSEL$DIG         (abs)        000000
__CFG_STVREN$ON           (abs)        000000
__CFG_WDTEN$OFF           (abs)        000000
__CFG_WDTPS$1048576       (abs)        000000
__CFG_WRT0$ON             (abs)        000000
__CFG_WRT1$ON             (abs)        000000
__CFG_WRT2$ON             (abs)        000000
__CFG_WRT3$ON             (abs)        000000
__CFG_WRTB$ON             (abs)        000000
__CFG_WRTC$ON             (abs)        000000
__CFG_WRTD$ON             (abs)        000000
__CFG_XINST$OFF           (abs)        000000
__HRAM                    (abs)        000000
__Habs1                   abs1         000000
__Hbank0                  bank0        000000
__Hbank1                  bank1        000000
__Hbank10                 bank10       000000
__Hbank11                 bank11       000000
__Hbank12                 bank12       000000
__Hbank13                 bank13       000000
__Hbank14                 bank14       000000
__Hbank2                  bank2        000000
__Hbank3                  bank3        000000
__Hbank4                  bank4        000000
__Hbank5                  bank5        000000
__Hbank6                  bank6        000000
__Hbank7                  bank7        000000
__Hbank8                  bank8        000000
__Hbank9                  bank9        000000
__Hbigbss                 bigbss       000000
__Hbigdata                bigdata      000000
__Hbigram                 bigram       000000
__Hbss                    bss          000000
__HbssBANK1               bssBANK1     000000
__HbssCOMRAM              bssCOMRAM    000000
__Hcinit                  cinit        000000
__Hclrtext                clrtext      000000
__Hcomram                 comram       000000
__Hconfig                 config       30000E
__Hconst                  const        000000
__HcstackBANK0            cstackBANK0  000000
__HcstackCOMRAM           cstackCOMRAM 000000
__Hdata                   data         000000
__HdataBANK1              dataBANK1    000000
__Heeprom_data            eeprom_data  000000
__Hend_init               end_init     000154
__Hfarbss                 farbss       000000
__Hfardata                fardata      000000
__Hibigdata               ibigdata     000000
__Hidata                  idata        000000
__HidataBANK1             idataBANK1   000000
__Hidloc                  idloc        200008
__Hifardata               ifardata     000000
__Hinit                   init         000150
__Hintcode                intcode      000004
__Hintcode_body           intcode_body 000000
__Hintcodelo              intcodelo    000150
__Hintentry               intentry     000000
__Hintret                 intret       000000
__Hintsave_regs           intsave_regs 000000
__Hirdata                 irdata       000000
__Hmediumconst            mediumconst  000000
__HnvFARRAM               nvFARRAM     000000
__Hnvbit                  nvbit        000000
__Hnvrram                 nvrram       000000
__Hparam                  rparam       000000
__Hpowerup                powerup      000150
__Hram                    ram          000000
__Hramtop                 ramtop       000F00
__Hrbit                   rbit         000000
__Hrbss                   rbss         000000
__Hrdata                  rdata        000000
__Hreset_vec              reset_vec    000004
__Hrparam                 rparam       000000
__Hsfr                    sfr          000000
__Hsmallconst             smallconst   000000
__Hspace_0                (abs)        30000E
__Hspace_1                (abs)        0001A0
__Hspace_2                (abs)        000000
__Hstack                  stack        000000
__Hstruct                 struct       000000
__Htemp                   temp         000000
__Htext                   text         000000
__Htext0                  text0        000000
__Htext1                  text1        000000
__Htext2                  text2        000000
__Htext3                  text3        000000
__Htext5                  text5        000000
__LRAM                    (abs)        000001
__Labs1                   abs1         000000
__Lbank0                  bank0        000000
__Lbank1                  bank1        000000
__Lbank10                 bank10       000000
__Lbank11                 bank11       000000
__Lbank12                 bank12       000000
__Lbank13                 bank13       000000
__Lbank14                 bank14       000000
__Lbank2                  bank2        000000
__Lbank3                  bank3        000000
__Lbank4                  bank4        000000
__Lbank5                  bank5        000000
__Lbank6                  bank6        000000
__Lbank7                  bank7        000000
__Lbank8                  bank8        000000
__Lbank9                  bank9        000000
__Lbigbss                 bigbss       000000
__Lbigdata                bigdata      000000
__Lbigram                 bigram       000000
__Lbss                    bss          000000
__LbssBANK1               bssBANK1     000000
__LbssCOMRAM              bssCOMRAM    000000
__Lcinit                  cinit        000000
__Lclrtext                clrtext      000000
__Lcomram                 comram       000000
__Lconfig                 config       300000
__Lconst                  const        000000
__LcstackBANK0            cstackBANK0  000000
__LcstackCOMRAM           cstackCOMRAM 000000
__Ldata                   data         000000
__LdataBANK1              dataBANK1    000000
__Leeprom_data            eeprom_data  000000
__Lend_init               end_init     000150
__Lfarbss                 farbss       000000
__Lfardata                fardata      000000
__Libigdata               ibigdata     000000
__Lidata                  idata        000000
__LidataBANK1             idataBANK1   000000
__Lidloc                  idloc        200000
__Lifardata               ifardata     000000
__Linit                   init         000150
__Lintcode                intcode      000004
__Lintcode_body           intcode_body 000000
__Lintcodelo              intcodelo    000018
__Lintentry               intentry     000000
__Lintret                 intret       000000
__Lintsave_regs           intsave_regs 000000
__Lirdata                 irdata       000000
__Lmediumconst            mediumconst  000000
__LnvFARRAM               nvFARRAM     000000
__Lnvbit                  nvbit        000000
__Lnvrram                 nvrram       000000
__Lparam                  rparam       000000
__Lpowerup                powerup      000150
__Lram                    ram          000000
__Lramtop                 ramtop       000F00
__Lrbit                   rbit         000000
__Lrbss                   rbss         000000
__Lrdata                  rdata        000000
__Lreset_vec              reset_vec    000000
__Lrparam                 rparam       000000
__Lsfr                    sfr          000000
__Lsmallconst             smallconst   000000
__Lspace_0                (abs)        000000
__Lspace_1                (abs)        000000
__Lspace_2                (abs)        000000
__Lstack                  stack        000000
__Lstruct                 struct       000000
__Ltemp                   temp         000000
__Ltext                   text         000000
__Ltext0                  text0        000000
__Ltext1                  text1        000000
__Ltext2                  text2        000000
__Ltext3                  text3        000000
__Ltext5                  text5        000000
__S0                      (abs)        30000E
__S1                      (abs)        0001A0
__S2                      (abs)        000000
___inthi_sp               stack        000000
___intlo_sp               stack        000000
___sp                     stack        000000
__accesstop               (abs)        000060
__activetblptr            (abs)        000002
__end_of__initialization  cinit        00042C
__end_of_initComms        text3        0003F8
__end_of_initPorts        text2        000466
__end_of_low_isr          intcodelo    0000C0
__end_of_main             text0        000300
__end_of_multiplexeur     text1        000368
__end_of_timer_isr        intcodelo    000150
__end_of_writeDataToUART  text5        000472
__initialization          cinit        0003F8
__mediumconst             mediumconst  000000
__pbssBANK1               bssBANK1     000100
__pbssCOMRAM              bssCOMRAM    000025
__pcinit                  cinit        0003F8
__pcstackBANK0            cstackBANK0  000060
__pcstackCOMRAM           cstackCOMRAM 000001
__pdataBANK1              dataBANK1    000150
__pidataBANK1             idataBANK1   000368
__pintcodelo              intcodelo    000018
__ptext0                  text0        000154
__ptext1                  text1        000300
__ptext2                  text2        000436
__ptext3                  text3        0003B8
__ptext5                  text5        000466
__ramtop                  ramtop       000F00
__size_of_initComms       (abs)        000000
__size_of_initPorts       (abs)        000000
__size_of_low_isr         (abs)        000000
__size_of_main            (abs)        000000
__size_of_multiplexeur    (abs)        000000
__size_of_timer_isr       (abs)        000000
__size_of_writeDataToUART (abs)        000000
__smallconst              smallconst   000000
_compteur                 bssCOMRAM    000025
_flag_reception           bssCOMRAM    000026
_initComms                text3        0003B8
_initPorts                text2        000436
_it                       bssCOMRAM    000027
_low_isr                  intcodelo    000018
_main                     text0        000154
_msg                      bssBANK1     000100
_multiplexeur             text1        000300
_tampon                   bssCOMRAM    000028
_timer_isr                intcodelo    0000C0
_writeDataToUART          text5        000466
end_of_initialization     cinit        00042C
intlevel0                 text         000000
intlevel1                 text         000000
intlevel2                 text         000000
intlevel3                 text         000000
main@F19160               dataBANK1    000150
main@i                    cstackBANK0  0000B0
main@j                    cstackBANK0  0000B4
main@msg1                 cstackBANK0  000060
multiplexeur@n            cstackCOMRAM 000024
stackhi                   (abs)        0009FF
stacklo                   (abs)        0001A0
start                     init         000150
start_initialization      cinit        0003F8
writeDataToUART@data      cstackCOMRAM 000001


FUNCTION INFORMATION:

 *************** function _main *****************
 Defined at:
		line 125 in file "main.c"
 Parameters:    Size  Location     Type
		None
 Auto vars:     Size  Location     Type
  msg1           80    0[BANK0 ] unsigned char [80]
  j               4   84[BANK0 ] long 
  i               4   80[BANK0 ] long 
 Return value:  Size  Location     Type
		None               void
 Registers used:
		wreg, fsr1l, fsr1h, fsr2l, fsr2h, status,2, status,0, cstack
 Tracked objects:
		On entry : 
		On exit  : 
		Unchanged: 
 Data sizes:     COMRAM   BANK0   BANK1   BANK2   BANK3   BANK4   BANK5   BANK6   BANK7   BANK8   BANK9  BANK10  BANK11  BANK12  BANK13  BANK14
      Params:         0       0       0       0       0       0       0       0       0       0       0       0       0       0       0       0
      Locals:         0      88       0       0       0       0       0       0       0       0       0       0       0       0       0       0
      Temps:          0       0       0       0       0       0       0       0       0       0       0       0       0       0       0       0
      Totals:         0      88       0       0       0       0       0       0       0       0       0       0       0       0       0       0
Total ram usage:       88 bytes
 Hardware stack levels required when called:    3
 This function calls:
		_initComms
		_initPorts
		_multiplexeur
 This function is called by:
		Startup code after reset
 This function uses a non-reentrant model


 *************** function _multiplexeur *****************
 Defined at:
		line 149 in file "main.c"
 Parameters:    Size  Location     Type
  n               1    wreg     unsigned char 
 Auto vars:     Size  Location     Type
  n               1   35[COMRAM] unsigned char 
 Return value:  Size  Location     Type
		None               void
 Registers used:
		wreg, status,2, status,0
 Tracked objects:
		On entry : 
		On exit  : 
		Unchanged: 
 Data sizes:     COMRAM   BANK0   BANK1   BANK2   BANK3   BANK4   BANK5   BANK6   BANK7   BANK8   BANK9  BANK10  BANK11  BANK12  BANK13  BANK14
      Params:         0       0       0       0       0       0       0       0       0       0       0       0       0       0       0       0
      Locals:         1       0       0       0       0       0       0       0       0       0       0       0       0       0       0       0
      Temps:          0       0       0       0       0       0       0       0       0       0       0       0       0       0       0       0
      Totals:         1       0       0       0       0       0       0       0       0       0       0       0       0       0       0       0
Total ram usage:        1 bytes
 Hardware stack levels used:    1
 Hardware stack levels required when called:    2
 This function calls:
		Nothing
 This function is called by:
		_main
 This function uses a non-reentrant model


 *************** function _initPorts *****************
 Defined at:
		line 7 in file "port.c"
 Parameters:    Size  Location     Type
		None
 Auto vars:     Size  Location     Type
		None
 Return value:  Size  Location     Type
		None               void
 Registers used:
		wreg, status,2
 Tracked objects:
		On entry : 
		On exit  : 
		Unchanged: 
 Data sizes:     COMRAM   BANK0   BANK1   BANK2   BANK3   BANK4   BANK5   BANK6   BANK7   BANK8   BANK9  BANK10  BANK11  BANK12  BANK13  BANK14
      Params:         0       0       0       0       0       0       0       0       0       0       0       0       0       0       0       0
      Locals:         0       0       0       0       0       0       0       0       0       0       0       0       0       0       0       0
      Temps:          0       0       0       0       0       0       0       0       0       0       0       0       0       0       0       0
      Totals:         0       0       0       0       0       0       0       0       0       0       0       0       0       0       0       0
Total ram usage:        0 bytes
 Hardware stack levels used:    1
 Hardware stack levels required when called:    2
 This function calls:
		Nothing
 This function is called by:
		_main
 This function uses a non-reentrant model


 *************** function _initComms *****************
 Defined at:
		line 6 in file "usart.c"
 Parameters:    Size  Location     Type
		None
 Auto vars:     Size  Location     Type
		None
 Return value:  Size  Location     Type
		None               void
 Registers used:
		wreg, status,2
 Tracked objects:
		On entry : 
		On exit  : 
		Unchanged: 
 Data sizes:     COMRAM   BANK0   BANK1   BANK2   BANK3   BANK4   BANK5   BANK6   BANK7   BANK8   BANK9  BANK10  BANK11  BANK12  BANK13  BANK14
      Params:         0       0       0       0       0       0       0       0       0       0       0       0       0       0       0       0
      Locals:         0       0       0       0       0       0       0       0       0       0       0       0       0       0       0       0
      Temps:          0       0       0       0       0       0       0       0       0       0       0       0       0       0       0       0
      Totals:         0       0       0       0       0       0       0       0       0       0       0       0       0       0       0       0
Total ram usage:        0 bytes
 Hardware stack levels used:    1
 Hardware stack levels required when called:    2
 This function calls:
		Nothing
 This function is called by:
		_main
 This function uses a non-reentrant model


 *************** function _low_isr *****************
 Defined at:
		line 99 in file "main.c"
 Parameters:    Size  Location     Type
		None
 Auto vars:     Size  Location     Type
		None
 Return value:  Size  Location     Type
		None               void
 Registers used:
		wreg, status,2, status,0, cstack
 Tracked objects:
		On entry : 
		On exit  : 
		Unchanged: 
 Data sizes:     COMRAM   BANK0   BANK1   BANK2   BANK3   BANK4   BANK5   BANK6   BANK7   BANK8   BANK9  BANK10  BANK11  BANK12  BANK13  BANK14
      Params:         0       0       0       0       0       0       0       0       0       0       0       0       0       0       0       0
      Locals:         0       0       0       0       0       0       0       0       0       0       0       0       0       0       0       0
      Temps:         17       0       0       0       0       0       0       0       0       0       0       0       0       0       0       0
      Totals:        17       0       0       0       0       0       0       0       0       0       0       0       0       0       0       0
Total ram usage:       17 bytes
 Hardware stack levels used:    1
 Hardware stack levels required when called:    1
 This function calls:
		_writeDataToUART
 This function is called by:
		Interrupt level 1
 This function uses a non-reentrant model


 *************** function _writeDataToUART *****************
 Defined at:
		line 62 in file "usart.c"
 Parameters:    Size  Location     Type
  data            1    wreg     unsigned char 
 Auto vars:     Size  Location     Type
  data            1    0[COMRAM] unsigned char 
 Return value:  Size  Location     Type
		None               void
 Registers used:
		wreg
 Tracked objects:
		On entry : 
		On exit  : 
		Unchanged: 
 Data sizes:     COMRAM   BANK0   BANK1   BANK2   BANK3   BANK4   BANK5   BANK6   BANK7   BANK8   BANK9  BANK10  BANK11  BANK12  BANK13  BANK14
      Params:         0       0       0       0       0       0       0       0       0       0       0       0       0       0       0       0
      Locals:         1       0       0       0       0       0       0       0       0       0       0       0       0       0       0       0
      Temps:          0       0       0       0       0       0       0       0       0       0       0       0       0       0       0       0
      Totals:         1       0       0       0       0       0       0       0       0       0       0       0       0       0       0       0
Total ram usage:        1 bytes
 Hardware stack levels used:    1
 This function calls:
		Nothing
 This function is called by:
		_low_isr
 This function uses a non-reentrant model


 *************** function _timer_isr *****************
 Defined at:
		line 113 in file "main.c"
 Parameters:    Size  Location     Type
		None
 Auto vars:     Size  Location     Type
		None
 Return value:  Size  Location     Type
		None               void
 Registers used:
		None
 Tracked objects:
		On entry : 
		On exit  : 
		Unchanged: 
 Data sizes:     COMRAM   BANK0   BANK1   BANK2   BANK3   BANK4   BANK5   BANK6   BANK7   BANK8   BANK9  BANK10  BANK11  BANK12  BANK13  BANK14
      Params:         0       0       0       0       0       0       0       0       0       0       0       0       0       0       0       0
      Locals:         0       0       0       0       0       0       0       0       0       0       0       0       0       0       0       0
      Temps:         17       0       0       0       0       0       0       0       0       0       0       0       0       0       0       0
      Totals:        17       0       0       0       0       0       0       0       0       0       0       0       0       0       0       0
Total ram usage:       17 bytes
 Hardware stack levels used:    1
 This function calls:
		Nothing
 This function is called by:
		Interrupt level 1
 This function uses a non-reentrant model



MODULE INFORMATION

Module		Function		Class		Link	Load	Size
usart.c
		_writeDataToUAR		CODE           	0466	0000	12
		_initComms     		CODE           	03B8	0000	64

usart.c estimated size: 76

port.c
		_initPorts     		CODE           	0436	0000	48

port.c estimated size: 48

shared
		__initializatio		CODE           	03F8	0000	52

shared estimated size: 52

main.c
		_main          		CODE           	0154	0000	428
		_multiplexeur  		CODE           	0300	0000	104
		_timer_isr     		CODE           	00C0	0000	144
		_low_isr       		CODE           	0018	0000	168

main.c estimated size: 844

